error: prefixing a getter with `get_` does not follow naming conventions
  --> $DIR/naming.rs:15:5
   |
LL | /     pub fn get_id(&self) -> usize {
LL | |         self.id
LL | |     }
   | |_____^
   |
   = note: `-D clippy::getter-prefix` implied by `-D warnings`

error: aborting due to previous error

